// Jest Snapshot v1, https://goo.gl/fbAQLP

exports[`ClayVerticalNav renders 1`] = `
<div>
  <nav
    class="menubar menubar-transparent menubar-vertical-expand-md"
  >
    <button
      class="menubar-toggler btn btn-unstyled"
      type="button"
    >
      <span
        class="inline-item inline-item-before"
      >
        Menu
      </span>
      <svg
        class="lexicon-icon lexicon-icon-caret-bottom"
        focusable="false"
        role="presentation"
      >
        <use
          xlink:href="/path/to#caret-bottom"
        />
      </svg>
    </button>
    <div
      class="collapse menubar-collapse"
    >
      <ul
        aria-orientation="vertical"
        class="nav nav-nested"
        role="menubar"
      >
        <li
          class="nav-item"
          role="none"
        >
          <button
            aria-expanded="true"
            aria-haspopup="true"
            class="nav-link collapse-icon btn btn-unstyled"
            role="button"
            type="button"
          >
            Home
            <span
              class="collapse-icon-closed"
            >
              <svg
                class="lexicon-icon lexicon-icon-caret-right"
                focusable="false"
                role="presentation"
              >
                <use
                  xlink:href="/path/to#caret-right"
                />
              </svg>
            </span>
            <span
              class="collapse-icon-open"
            >
              <svg
                class="lexicon-icon lexicon-icon-caret-bottom"
                focusable="false"
                role="presentation"
              >
                <use
                  xlink:href="/path/to#caret-bottom"
                />
              </svg>
            </span>
          </button>
          <ul
            class="nav nav-stacked"
            role="menu"
          >
            <li
              class="nav-item"
              role="none"
            >
              <a
                class="nav-link collapsed"
                href="#nested1"
                role="menuitem"
                tabindex="-1"
              >
                Nested1
              </a>
            </li>
          </ul>
        </li>
      </ul>
    </div>
  </nav>
</div>
`;
